// Jest Snapshot v1, https://goo.gl/fbAQLP

exports[`Card renders correctly 1`] = `
<div
  className="css-fmx4z3"
>
  <p>
    Testing child
  </p>
</div>
`;
